// Vitest Snapshot v1, https://vitest.dev/guide/snapshot.html

exports[`App component > matches snapshot 1`] = `
<DocumentFragment>
  <header>
    <h1
      class="site-owner-name"
    >
      Szymon Frączek
    </h1>
  </header>
  <nav>
    <ul>
      <li>
        <a
          href="/gem"
        >
          GEM
        </a>
      </li>
    </ul>
  </nav>
</DocumentFragment>
`;
